
Admin@DESKTOP-7O4IF1R MINGW64 ~
$ mkdir lab3

Admin@DESKTOP-7O4IF1R MINGW64 ~
$ cd lab3

Admin@DESKTOP-7O4IF1R MINGW64 ~/lab3
$ git init lab3
Initialized empty Git repository in C:/Users/Admin/lab3/lab3/.git/

Admin@DESKTOP-7O4IF1R MINGW64 ~/lab3
$ git status
fatal: not a git repository (or any of the parent directories): .git

Admin@DESKTOP-7O4IF1R MINGW64 ~/lab3
$ git status
fatal: not a git repository (or any of the parent directories): .git

Admin@DESKTOP-7O4IF1R MINGW64 ~/lab3
$ git init
Initialized empty Git repository in C:/Users/Admin/lab3/.git/

Admin@DESKTOP-7O4IF1R MINGW64 ~/lab3 (master)
$ git status
On branch master

No commits yet

Untracked files:
  (use "git add <file>..." to include in what will be committed)
        dasgal1.py
        dasgal2.py

nothing added to commit but untracked files present (use "git add" to track)

Admin@DESKTOP-7O4IF1R MINGW64 ~/lab3 (master)
$ git add dasgal1.py

Admin@DESKTOP-7O4IF1R MINGW64 ~/lab3 (master)
$ git config --global user.email "jawkhlan2005@gmail.com"

Admin@DESKTOP-7O4IF1R MINGW64 ~/lab3 (master)
$ git config --global user.name "Jawhlan116"

Admin@DESKTOP-7O4IF1R MINGW64 ~/lab3 (master)
$ git commit -m "Hunii owog ner nasiig awan uildluud hiigdene"
[master (root-commit) 6f712cc] Hunii owog ner nasiig awan uildluud hiigdene
 1 file changed, 8 insertions(+)
 create mode 100644 dasgal1.py

Admin@DESKTOP-7O4IF1R MINGW64 ~/lab3 (master)
$ git remote add origin https://github.com/Jawhlan116/Lab3.git

Admin@DESKTOP-7O4IF1R MINGW64 ~/lab3 (master)
$ git push origin master
Enumerating objects: 3, done.
Counting objects: 100% (3/3), done.
Delta compression using up to 12 threads
Compressing objects: 100% (2/2), done.
Writing objects: 100% (3/3), 444 bytes | 444.00 KiB/s, done.
Total 3 (delta 0), reused 0 (delta 0), pack-reused 0
To https://github.com/Jawhlan116/Lab3.git
 * [new branch]      master -> master

Admin@DESKTOP-7O4IF1R MINGW64 ~/lab3 (master)
$ git status
On branch master
Untracked files:
  (use "git add <file>..." to include in what will be committed)
        dasgal2.py

nothing added to commit but untracked files present (use "git add" to track)

Admin@DESKTOP-7O4IF1R MINGW64 ~/lab3 (master)
$ git add dasgal2.py

Admin@DESKTOP-7O4IF1R MINGW64 ~/lab3 (master)
$ git commit -m "1 hicheeliin nernii usgiig nogoo hicheeliin nernees haih"
[master d4a62ba] 1 hicheeliin nernii usgiig nogoo hicheeliin nernees haih
 1 file changed, 8 insertions(+)
 create mode 100644 dasgal2.py

Admin@DESKTOP-7O4IF1R MINGW64 ~/lab3 (master)
$ git push origin master
Enumerating objects: 4, done.
Counting objects: 100% (4/4), done.
Delta compression using up to 12 threads
Compressing objects: 100% (3/3), done.
Writing objects: 100% (3/3), 505 bytes | 505.00 KiB/s, done.
Total 3 (delta 0), reused 0 (delta 0), pack-reused 0
To https://github.com/Jawhlan116/Lab3.git
   6f712cc..d4a62ba  master -> master

Admin@DESKTOP-7O4IF1R MINGW64 ~/lab3 (master)
$ touch code.txt

Admin@DESKTOP-7O4IF1R MINGW64 ~/lab3 (master)
$ code code.txt

Admin@DESKTOP-7O4IF1R MINGW64 ~/lab3 (master)
$
